*** Start analyzing build configuration ***
INFO: Auto-config - Scanning: /home/student/mcedro/itch_parser
INFO: Auto-config - VLOG: /home/student/mcedro/itch_parser
INFO: Auto-config - VHDL: /home/student/mcedro/itch_parser
INFO: Auto-config - Wrote:
    .dvt/default.build.auto.1
*** List of included argument files ***
    Build configuration file:  /home/student/mcedro/itch_parser/.dvt/default.build
    -f /home/student/mcedro/itch_parser/.dvt/default.build.auto.1
*** List of invocations ***
Invocation #1 +dvt_init+dvt in /home/student/mcedro/itch_parser/.dvt/default.build.auto.1 at line 9
*** Done analyzing build configuration [238 ms] ***
*** Start VHDL build ***
Total number of lines [0]
Performing post full build step 1 (VHDL - RU) [9 ms] ...
*** Done VHDL build [808 ms] ***
*** Start SystemVerilog build ***
*** Invocation #1***
Loading (1) /home/student/mcedro/itch_parser/rtl/itch_parser.sv ...
Done /home/student/mcedro/itch_parser/rtl/itch_parser.sv [450 ms, 92 lines, SystemVerilog_2012] ...
Loading (2) /home/student/mcedro/itch_parser/sim/itch_parser_tb.sv ...
Done /home/student/mcedro/itch_parser/sim/itch_parser_tb.sv [20 ms, 71 lines, SystemVerilog_2012] ...
*** Done invocation #1 [94 ms] ***
*** Total number of lines [163] ***
Performing post full build actions ...
Performing post full build step 1 (SRI) [1 ms] ...
Performing post full build step 2 (RI) [1 ms] ...
Performing post full build step 3 (RCP) [0 ms] ...
*** Done SystemVerilog build [525 ms] ***
*** Start mixed mode extension build ***
Performing mixed post full build step (VHDL - RU) [5 ms] ...
Performing mixed post full build step (VHDL - RT) [159 ms] ...
Performing mixed post full build step (VHDL - RD) [7 ms] ...
Performing mixed post full build step (VHDL - FSC) [116 ms] ...
Performing mixed post full build step (VLOG - RI) [0 ms] ...
*** Warning: UNSPECIFIED_TOP: Please specify a -top module/entity/configuration in the project build file
*** Top design candidates: work.itch_parser_tb
Performing mixed post full build step (MIXED - ELAB) [316 ms] ...
Performing mixed post full build step (MIXED - UNEL) [52 ms] ...
Performing mixed post full build step (VHDL - ELPC) [0 ms] ...
Performing mixed post full build step (VHDL - US) [1 ms] ...
Performing mixed post full build step (VHDL - USBD) [50 ms] ...
Performing mixed post full build step (VLOG - RD) [1 ms] ...
Performing mixed post full build step (VLOG - FSC) [51 ms] ...
Performing mixed post full build step (VLOG - EV) [51 ms] ...
Performing mixed post full build step (VLOG - ELPC) [2 ms] ...
Performing mixed post full build step (VLOG - US) [51 ms] ...
*** Warning: SIGNAL_NEVER_READ: Signal 's_axis_tready' is never read (connected to sub-instance output port)
    at line 9 in /home/student/mcedro/itch_parser/sim/itch_parser_tb.sv [compile index 2]
*** Warning: SIGNAL_NEVER_READ: Signal 'msg_type' is never read (connected to sub-instance output port)
    at line 11 in /home/student/mcedro/itch_parser/sim/itch_parser_tb.sv [compile index 2]
*** Warning: SIGNAL_NEVER_READ: Signal 'msg_data' is never read (connected to sub-instance output port)
    at line 12 in /home/student/mcedro/itch_parser/sim/itch_parser_tb.sv [compile index 2]
*** Warning: SIGNAL_NEVER_READ: Signal 'msg_valid' is never read (connected to sub-instance output port)
    at line 13 in /home/student/mcedro/itch_parser/sim/itch_parser_tb.sv [compile index 2]
*** Done mixed mode extension build [878 ms] ***
*** Total build time [2s.456ms] ***
